// Jest Snapshot v1, https://goo.gl/fbAQLP

exports[`testing Component CategorieAdd should render the component 1`] = `
<form
  onSubmit={[Function]}
>
  <input
    onChange={[Function]}
    placeholder="Search for Gifs"
    type="text"
    value=""
  />
  <button>
    Search
  </button>
</form>
`;
